a = 2
_L1
if a != 0 goto _L2
goto _L3
_L2
if a != 2 goto _L4
_L3
b = 6
goto _L0
_L4
if a != 1 goto _L0
b = 10
goto _L0
_L0
